[ 2026-09-08 21:41:56,083 ] 16 root - INFO - Initiate the data ingestion
[ 2026-09-08 21:41:56,083 ] 39 root - INFO - Start the export_collection_as_dataframe
[ 2026-09-08 21:41:56,084 ] 44 root - INFO - Got the db and collection name
[ 2026-09-08 21:42:00,211 ] 48 root - INFO - mongo connection done
[ 2026-09-08 21:42:00,211 ] 52 root - INFO - mongo collection done
[ 2026-09-08 21:42:00,211 ] 55 root - INFO - Making dataframe from mongodb
[ 2026-09-08 21:42:01,484 ] 59 root - INFO - completed dataframe from mongodb
[ 2026-09-08 21:42:01,488 ] 64 root - INFO - Removed _id column from dataframe
[ 2026-09-08 21:42:01,488 ] 68 root - INFO - Remove nan
[ 2026-09-08 21:42:01,533 ] 89 root - INFO - Performed train test split on the dataframe
[ 2026-09-08 21:42:01,533 ] 95 root - INFO - Exporting train and test set into ingestion dir
[ 2026-09-08 21:42:01,534 ] 101 root - INFO - Training file path: Artifacts/09_08_2026_21_41_56/data_ingestion/ingested/train.csv
[ 2026-09-08 21:42:01,575 ] 106 root - INFO - Export train and test file completed
[ 2026-09-08 21:42:01,575 ] 19 root - INFO - Data ingestion completed
[ 2026-09-08 21:42:01,579 ] 24 root - INFO - Data validation start
[ 2026-09-08 21:42:01,579 ] 99 root - INFO - Reading data from train and test csv
[ 2026-09-08 21:42:01,595 ] 104 root - INFO - Reading data from train and test csv completed
[ 2026-09-08 21:42:01,595 ] 109 root - INFO - Validate number of columns
[ 2026-09-08 21:42:01,595 ] 33 root - INFO - The required number of columns : 31
[ 2026-09-08 21:42:01,595 ] 34 root - INFO - Data Frame has columns : 31
[ 2026-09-08 21:42:01,595 ] 33 root - INFO - The required number of columns : 31
[ 2026-09-08 21:42:01,595 ] 34 root - INFO - Data Frame has columns : 31
[ 2026-09-08 21:42:01,595 ] 125 root - INFO - Validate number of columns end
[ 2026-09-08 21:42:01,595 ] 128 root - INFO - Validate number of numerical columns
[ 2026-09-08 21:42:01,596 ] 49 root - INFO - The required numerical columns : 31
[ 2026-09-08 21:42:01,596 ] 50 root - INFO - Dataframe numerical columns : 31
[ 2026-09-08 21:42:01,596 ] 49 root - INFO - The required numerical columns : 31
[ 2026-09-08 21:42:01,596 ] 50 root - INFO - Dataframe numerical columns : 31
[ 2026-09-08 21:42:01,596 ] 148 root - INFO - Validate number of numerical columns end
[ 2026-09-08 21:42:01,596 ] 151 root - INFO - Checking data drift
[ 2026-09-08 21:42:01,704 ] 233 root - INFO - Data validation completed
[ 2026-09-08 21:42:01,704 ] 26 root - INFO - Data validation ended
