[ 2026-09-14 00:08:19,052 ] 18 root - INFO - Initiate the data ingestion
[ 2026-09-14 00:08:19,052 ] 39 root - INFO - Start the export_collection_as_dataframe
[ 2026-09-14 00:08:19,052 ] 44 root - INFO - Got the db and collection name
[ 2026-09-14 00:08:19,399 ] 48 root - INFO - mongo connection done
[ 2026-09-14 00:08:19,399 ] 52 root - INFO - mongo collection done
[ 2026-09-14 00:08:19,399 ] 55 root - INFO - Making dataframe from mongodb
[ 2026-09-14 00:08:21,367 ] 59 root - INFO - completed dataframe from mongodb
[ 2026-09-14 00:08:21,370 ] 64 root - INFO - Removed _id column from dataframe
[ 2026-09-14 00:08:21,371 ] 68 root - INFO - Remove nan
[ 2026-09-14 00:08:21,418 ] 89 root - INFO - Performed train test split on the dataframe
[ 2026-09-14 00:08:21,418 ] 95 root - INFO - Exporting train and test set into ingestion dir
[ 2026-09-14 00:08:21,418 ] 101 root - INFO - Training file path: Artifacts/09_14_2026_00_08_19/data_ingestion/ingested/train.csv
[ 2026-09-14 00:08:21,460 ] 106 root - INFO - Export train and test file completed
[ 2026-09-14 00:08:21,460 ] 21 root - INFO - Data ingestion completed
[ 2026-09-14 00:08:21,463 ] 26 root - INFO - Data validation start
[ 2026-09-14 00:08:21,463 ] 99 root - INFO - Reading data from train and test csv
[ 2026-09-14 00:08:21,480 ] 104 root - INFO - Reading data from train and test csv completed
[ 2026-09-14 00:08:21,480 ] 109 root - INFO - Validate number of columns
[ 2026-09-14 00:08:21,480 ] 33 root - INFO - The required number of columns : 31
[ 2026-09-14 00:08:21,480 ] 34 root - INFO - Data Frame has columns : 31
[ 2026-09-14 00:08:21,480 ] 33 root - INFO - The required number of columns : 31
[ 2026-09-14 00:08:21,480 ] 34 root - INFO - Data Frame has columns : 31
[ 2026-09-14 00:08:21,480 ] 125 root - INFO - Validate number of columns end
[ 2026-09-14 00:08:21,480 ] 128 root - INFO - Validate number of numerical columns
[ 2026-09-14 00:08:21,481 ] 49 root - INFO - The required numerical columns : 31
[ 2026-09-14 00:08:21,481 ] 50 root - INFO - Dataframe numerical columns : 31
[ 2026-09-14 00:08:21,481 ] 49 root - INFO - The required numerical columns : 31
[ 2026-09-14 00:08:21,481 ] 50 root - INFO - Dataframe numerical columns : 31
[ 2026-09-14 00:08:21,481 ] 148 root - INFO - Validate number of numerical columns end
[ 2026-09-14 00:08:21,481 ] 151 root - INFO - Checking data drift
[ 2026-09-14 00:08:21,614 ] 233 root - INFO - Data validation completed
[ 2026-09-14 00:08:21,615 ] 28 root - INFO - Data validation ended
[ 2026-09-14 00:08:21,615 ] 30 root - INFO - Initiate the Data tranformation
[ 2026-09-14 00:08:21,615 ] 93 root - INFO - Entered initiate_data_transformation method of DataTransformation class
[ 2026-09-14 00:08:21,615 ] 100 root - INFO - Starting data transformation
[ 2026-09-14 00:08:21,615 ] 103 root - INFO - Reading train and test dataframe from data validation
[ 2026-09-14 00:08:21,632 ] 116 root - INFO - Train and test dataframe reading completed
[ 2026-09-14 00:08:21,632 ] 124 root - INFO - Preparing training dataframe
[ 2026-09-14 00:08:21,633 ] 138 root - INFO - Training dataframe preparation completed
[ 2026-09-14 00:08:21,633 ] 146 root - INFO - Preparing testing dataframe
[ 2026-09-14 00:08:21,633 ] 160 root - INFO - Testing dataframe preparation completed
[ 2026-09-14 00:08:21,634 ] 168 root - INFO - Creating data transformation object
[ 2026-09-14 00:08:21,634 ] 57 root - INFO - Enter get_data_transformer_object method
[ 2026-09-14 00:08:21,634 ] 68 root - INFO - Initialized KNN Imputer with parameters: {'n_neighbors': 3, 'weights': 'uniform'}
[ 2026-09-14 00:08:21,634 ] 80 root - INFO - KNN Imputer pipeline created successfully
[ 2026-09-14 00:08:21,634 ] 176 root - INFO - Fitting data transformation object
[ 2026-09-14 00:08:21,647 ] 184 root - INFO - Data transformation object fitted successfully
[ 2026-09-14 00:08:21,651 ] 202 root - INFO - Train and test features transformed successfully
[ 2026-09-14 00:08:21,651 ] 220 root - INFO - Train and test arrays created successfully
[ 2026-09-14 00:08:21,653 ] 45 root - INFO - Entered the save_object method in main_utils
[ 2026-09-14 00:08:21,658 ] 49 root - INFO - Exited the save_object from main_utils
[ 2026-09-14 00:08:21,658 ] 244 root - INFO - Transformed data and preprocessing object saved successfully
[ 2026-09-14 00:08:21,658 ] 269 root - INFO - Data transformation completed successfully
[ 2026-09-14 00:08:21,658 ] 37 root - INFO - Data tranformation end
[ 2026-09-14 00:08:21,658 ] 39 root - INFO - Model trainer start
[ 2026-09-14 00:08:21,658 ] 258 root - INFO - Initiate model trainer
[ 2026-09-14 00:08:21,658 ] 259 root - INFO - Read train and test data
[ 2026-09-14 00:08:21,659 ] 267 root - INFO - Read from train and test done
[ 2026-09-14 00:08:21,659 ] 82 root - INFO - Inside the evaluation model
[ 2026-09-14 00:08:21,659 ] 92 root - INFO - RS for Random Forest
[ 2026-09-14 00:08:33,525 ] 106 root - INFO - RS for Random Forest end
[ 2026-09-14 00:08:33,525 ] 108 root - INFO - Getting best estimator
[ 2026-09-14 00:08:33,526 ] 112 root - INFO - Best estimator obtained for Random Forest: RandomForestClassifier(n_estimators=200, verbose=1)
[ 2026-09-14 00:08:33,526 ] 117 root - INFO - Starting train prediction
[ 2026-09-14 00:08:33,701 ] 121 root - INFO - Train prediction completed
[ 2026-09-14 00:08:33,701 ] 123 root - INFO - Starting test prediction
[ 2026-09-14 00:08:33,756 ] 127 root - INFO - Test prediction completed
[ 2026-09-14 00:08:33,756 ] 129 root - INFO - Calculating train accuracy
[ 2026-09-14 00:08:33,757 ] 136 root - INFO - Calculating test accuracy
[ 2026-09-14 00:08:33,757 ] 149 root - INFO - Random Forest - Train Accuracy: 0.9909543193125283, Test Accuracy: 0.9692446856625961
[ 2026-09-14 00:08:33,757 ] 92 root - INFO - RS for Decision Tree
[ 2026-09-14 00:08:34,011 ] 106 root - INFO - RS for Decision Tree end
[ 2026-09-14 00:08:34,011 ] 108 root - INFO - Getting best estimator
[ 2026-09-14 00:08:34,011 ] 112 root - INFO - Best estimator obtained for Decision Tree: DecisionTreeClassifier(criterion='entropy', max_features='log2',
                       min_samples_split=5)
[ 2026-09-14 00:08:34,011 ] 117 root - INFO - Starting train prediction
[ 2026-09-14 00:08:34,013 ] 121 root - INFO - Train prediction completed
[ 2026-09-14 00:08:34,013 ] 123 root - INFO - Starting test prediction
[ 2026-09-14 00:08:34,013 ] 127 root - INFO - Test prediction completed
[ 2026-09-14 00:08:34,013 ] 129 root - INFO - Calculating train accuracy
[ 2026-09-14 00:08:34,014 ] 136 root - INFO - Calculating test accuracy
[ 2026-09-14 00:08:34,014 ] 149 root - INFO - Decision Tree - Train Accuracy: 0.9800995024875622, Test Accuracy: 0.9457259158751696
[ 2026-09-14 00:08:34,014 ] 92 root - INFO - RS for Gradient Boosting
[ 2026-09-14 00:08:58,242 ] 106 root - INFO - RS for Gradient Boosting end
[ 2026-09-14 00:08:58,243 ] 108 root - INFO - Getting best estimator
[ 2026-09-14 00:08:58,243 ] 112 root - INFO - Best estimator obtained for Gradient Boosting: GradientBoostingClassifier(learning_rate=0.05, max_depth=7, n_estimators=200,
                           verbose=1)
[ 2026-09-14 00:08:58,243 ] 117 root - INFO - Starting train prediction
[ 2026-09-14 00:08:58,326 ] 121 root - INFO - Train prediction completed
[ 2026-09-14 00:08:58,326 ] 123 root - INFO - Starting test prediction
[ 2026-09-14 00:08:58,348 ] 127 root - INFO - Test prediction completed
[ 2026-09-14 00:08:58,349 ] 129 root - INFO - Calculating train accuracy
[ 2026-09-14 00:08:58,350 ] 136 root - INFO - Calculating test accuracy
[ 2026-09-14 00:08:58,350 ] 149 root - INFO - Gradient Boosting - Train Accuracy: 0.9859791949344188, Test Accuracy: 0.968340117593849
[ 2026-09-14 00:08:58,350 ] 92 root - INFO - RS for Xgboost
[ 2026-09-14 00:09:00,298 ] 106 root - INFO - RS for Xgboost end
[ 2026-09-14 00:09:00,298 ] 108 root - INFO - Getting best estimator
[ 2026-09-14 00:09:00,299 ] 112 root - INFO - Best estimator obtained for Xgboost: XGBClassifier(base_score=None, booster=None, callbacks=None,
              colsample_bylevel=None, colsample_bynode=None,
              colsample_bytree=0.8, device=None, early_stopping_rounds=None,
              enable_categorical=False, eval_metric=None, feature_types=None,
              feature_weights=None, gamma=None, grow_policy=None,
              importance_type=None, interaction_constraints=None,
              learning_rate=0.1, max_bin=None, max_cat_threshold=None,
              max_cat_to_onehot=None, max_delta_step=None, max_depth=7,
              max_leaves=None, min_child_weight=None, missing=nan,
              monotone_constraints=None, multi_strategy=None, n_estimators=200,
              n_jobs=None, num_parallel_tree=None, ...)
[ 2026-09-14 00:09:00,299 ] 117 root - INFO - Starting train prediction
[ 2026-09-14 00:09:00,303 ] 121 root - INFO - Train prediction completed
[ 2026-09-14 00:09:00,303 ] 123 root - INFO - Starting test prediction
[ 2026-09-14 00:09:00,305 ] 127 root - INFO - Test prediction completed
[ 2026-09-14 00:09:00,305 ] 129 root - INFO - Calculating train accuracy
[ 2026-09-14 00:09:00,306 ] 136 root - INFO - Calculating test accuracy
[ 2026-09-14 00:09:00,307 ] 149 root - INFO - Xgboost - Train Accuracy: 0.9871099050203528, Test Accuracy: 0.9706015377657169
[ 2026-09-14 00:09:00,307 ] 92 root - INFO - RS for Logistic Regression
[ 2026-09-14 00:09:01,187 ] 106 root - INFO - RS for Logistic Regression end
[ 2026-09-14 00:09:01,188 ] 108 root - INFO - Getting best estimator
[ 2026-09-14 00:09:01,188 ] 112 root - INFO - Best estimator obtained for Logistic Regression: LogisticRegression(C=0.1, max_iter=200, verbose=1)
[ 2026-09-14 00:09:01,188 ] 117 root - INFO - Starting train prediction
[ 2026-09-14 00:09:01,189 ] 121 root - INFO - Train prediction completed
[ 2026-09-14 00:09:01,189 ] 123 root - INFO - Starting test prediction
[ 2026-09-14 00:09:01,189 ] 127 root - INFO - Test prediction completed
[ 2026-09-14 00:09:01,189 ] 129 root - INFO - Calculating train accuracy
[ 2026-09-14 00:09:01,190 ] 136 root - INFO - Calculating test accuracy
[ 2026-09-14 00:09:01,191 ] 149 root - INFO - Logistic Regression - Train Accuracy: 0.9297829036635007, Test Accuracy: 0.9276345545002261
[ 2026-09-14 00:09:01,191 ] 92 root - INFO - RS for AdaBoost
[ 2026-09-14 00:09:09,401 ] 106 root - INFO - RS for AdaBoost end
[ 2026-09-14 00:09:09,401 ] 108 root - INFO - Getting best estimator
[ 2026-09-14 00:09:09,401 ] 112 root - INFO - Best estimator obtained for AdaBoost: AdaBoostClassifier(n_estimators=200)
[ 2026-09-14 00:09:09,401 ] 117 root - INFO - Starting train prediction
[ 2026-09-14 00:09:09,485 ] 121 root - INFO - Train prediction completed
[ 2026-09-14 00:09:09,485 ] 123 root - INFO - Starting test prediction
[ 2026-09-14 00:09:09,515 ] 127 root - INFO - Test prediction completed
[ 2026-09-14 00:09:09,515 ] 129 root - INFO - Calculating train accuracy
[ 2026-09-14 00:09:09,516 ] 136 root - INFO - Calculating test accuracy
[ 2026-09-14 00:09:09,517 ] 149 root - INFO - AdaBoost - Train Accuracy: 0.9386024423337856, Test Accuracy: 0.9326096788783356
[ 2026-09-14 00:09:09,517 ] 92 root - INFO - RS for KNN
[ 2026-09-14 00:09:11,013 ] 106 root - INFO - RS for KNN end
[ 2026-09-14 00:09:11,013 ] 108 root - INFO - Getting best estimator
[ 2026-09-14 00:09:11,013 ] 112 root - INFO - Best estimator obtained for KNN: KNeighborsClassifier(metric='manhattan', n_neighbors=9, weights='distance')
[ 2026-09-14 00:09:11,013 ] 117 root - INFO - Starting train prediction
[ 2026-09-14 00:09:11,363 ] 121 root - INFO - Train prediction completed
[ 2026-09-14 00:09:11,363 ] 123 root - INFO - Starting test prediction
[ 2026-09-14 00:09:11,454 ] 127 root - INFO - Test prediction completed
[ 2026-09-14 00:09:11,454 ] 129 root - INFO - Calculating train accuracy
[ 2026-09-14 00:09:11,455 ] 136 root - INFO - Calculating test accuracy
[ 2026-09-14 00:09:11,456 ] 149 root - INFO - KNN - Train Accuracy: 0.9909543193125283, Test Accuracy: 0.9597467209407508
[ 2026-09-14 00:09:11,456 ] 104 root - INFO - Out of evaluate_model
[ 2026-09-14 00:09:11,456 ] 106 root - INFO - Started model evaluation and model selection
[ 2026-09-14 00:09:11,456 ] 116 root - INFO - Test report after sorting: {'Xgboost': 0.9706015377657169, 'Random Forest': 0.9692446856625961, 'Gradient Boosting': 0.968340117593849, 'KNN': 0.9597467209407508, 'Decision Tree': 0.9457259158751696, 'AdaBoost': 0.9326096788783356, 'Logistic Regression': 0.9276345545002261}
[ 2026-09-14 00:09:11,456 ] 120 root - INFO - Best model found: Xgboost with score: 0.9706015377657169
[ 2026-09-14 00:09:11,458 ] 130 root - INFO - Best model object obtained: XGBClassifier(base_score=None, booster=None, callbacks=None,
              colsample_bylevel=None, colsample_bynode=None,
              colsample_bytree=0.8, device=None, early_stopping_rounds=None,
              enable_categorical=False, eval_metric=None, feature_types=None,
              feature_weights=None, gamma=None, grow_policy=None,
              importance_type=None, interaction_constraints=None,
              learning_rate=0.1, max_bin=None, max_cat_threshold=None,
              max_cat_to_onehot=None, max_delta_step=None, max_depth=7,
              max_leaves=None, min_child_weight=None, missing=nan,
              monotone_constraints=None, multi_strategy=None, n_estimators=200,
              n_jobs=-1, num_parallel_tree=None, ...)
[ 2026-09-14 00:09:11,458 ] 135 root - INFO - Generating predictions on training dataset
[ 2026-09-14 00:09:11,458 ] 137 root - INFO - X_train type: <class 'numpy.ndarray'>
[ 2026-09-14 00:09:11,459 ] 141 root - INFO - Best model parameters: {'objective': 'binary:logistic', 'base_score': None, 'booster': None, 'callbacks': None, 'colsample_bylevel': None, 'colsample_bynode': None, 'colsample_bytree': 0.8, 'device': None, 'early_stopping_rounds': None, 'enable_categorical': False, 'eval_metric': None, 'feature_types': None, 'feature_weights': None, 'gamma': None, 'grow_policy': None, 'importance_type': None, 'interaction_constraints': None, 'learning_rate': 0.1, 'max_bin': None, 'max_cat_threshold': None, 'max_cat_to_onehot': None, 'max_delta_step': None, 'max_depth': 7, 'max_leaves': None, 'min_child_weight': None, 'missing': nan, 'monotone_constraints': None, 'multi_strategy': None, 'n_estimators': 200, 'n_jobs': -1, 'num_parallel_tree': None, 'random_state': None, 'reg_alpha': None, 'reg_lambda': None, 'sampling_method': None, 'scale_pos_weight': None, 'subsample': 0.8, 'tree_method': None, 'validate_parameters': None, 'verbosity': None, 'verbose': 0}
[ 2026-09-14 00:09:11,459 ] 145 root - INFO - Starting training prediction
[ 2026-09-14 00:09:11,459 ] 146 root - INFO - X_train shape: (8844, 30)
[ 2026-09-14 00:09:11,459 ] 147 root - INFO - X_train memory: 2.02 MB
[ 2026-09-14 00:09:11,478 ] 152 root - INFO - Training predictions completed. Prediction shape: (8844,)
[ 2026-09-14 00:09:11,478 ] 157 root - INFO - Training predictions completed
[ 2026-09-14 00:09:11,478 ] 9 root - INFO - Inside the get_classification_score
[ 2026-09-14 00:09:11,488 ] 166 root - INFO - Training metric: ClassificationMetricArtifact(f1_score=0.9884334415584416, precision_score=0.9850353892821031, recall_call=0.9918550193443291)
[ 2026-09-14 00:09:11,488 ] 171 root - INFO - Generating predictions on test dataset
[ 2026-09-14 00:09:11,492 ] 175 root - INFO - Test predictions completed
[ 2026-09-14 00:09:11,492 ] 9 root - INFO - Inside the get_classification_score
[ 2026-09-14 00:09:11,502 ] 184 root - INFO - Test metric: ClassificationMetricArtifact(f1_score=0.9740103958416634, precision_score=0.9705179282868526, recall_call=0.9775280898876404)
[ 2026-09-14 00:09:11,502 ] 189 root - INFO - Loading preprocessing object
[ 2026-09-14 00:09:11,505 ] 195 root - INFO - Preprocessing object loaded successfully
[ 2026-09-14 00:09:11,505 ] 202 root - INFO - Creating model directory at: Artifacts/09_14_2026_00_08_19/model_trainer/trained_model
[ 2026-09-14 00:09:11,505 ] 211 root - INFO - Model directory created successfully
[ 2026-09-14 00:09:11,506 ] 214 root - INFO - Creating NetworkModel with preprocessor and best model
[ 2026-09-14 00:09:11,506 ] 223 root - INFO - NetworkModel created successfully
[ 2026-09-14 00:09:11,506 ] 226 root - INFO - Saving trained model at: Artifacts/09_14_2026_00_08_19/model_trainer/trained_model/model.pkl
[ 2026-09-14 00:09:11,506 ] 45 root - INFO - Entered the save_object method in main_utils
[ 2026-09-14 00:09:11,512 ] 49 root - INFO - Exited the save_object from main_utils
[ 2026-09-14 00:09:11,512 ] 236 root - INFO - Trained model saved successfully
[ 2026-09-14 00:09:11,512 ] 247 root - INFO - Model trainer artifacts created: ModelTrainerArtifacts(trained_model_file_path='Artifacts/09_14_2026_00_08_19/model_trainer/trained_model/model.pkl', train_metric_artifacts=ClassificationMetricArtifact(f1_score=0.9884334415584416, precision_score=0.9850353892821031, recall_call=0.9918550193443291), test_metric_artifacts=ClassificationMetricArtifact(f1_score=0.9740103958416634, precision_score=0.9705179282868526, recall_call=0.9775280898876404))
[ 2026-09-14 00:09:11,512 ] 251 root - INFO - Model training process completed successfully
