[ 2026-09-14 15:28:44,323 ] 18 root - INFO - Initiate the data ingestion
[ 2026-09-14 15:28:44,323 ] 39 root - INFO - Start the export_collection_as_dataframe
[ 2026-09-14 15:28:44,323 ] 44 root - INFO - Got the db and collection name
[ 2026-09-14 15:28:44,494 ] 48 root - INFO - mongo connection done
[ 2026-09-14 15:28:44,495 ] 52 root - INFO - mongo collection done
[ 2026-09-14 15:28:44,495 ] 55 root - INFO - Making dataframe from mongodb
[ 2026-09-14 15:28:48,417 ] 59 root - INFO - completed dataframe from mongodb
[ 2026-09-14 15:28:48,429 ] 64 root - INFO - Removed _id column from dataframe
[ 2026-09-14 15:28:48,429 ] 68 root - INFO - Remove nan
[ 2026-09-14 15:28:48,480 ] 89 root - INFO - Performed train test split on the dataframe
[ 2026-09-14 15:28:48,480 ] 95 root - INFO - Exporting train and test set into ingestion dir
[ 2026-09-14 15:28:48,480 ] 101 root - INFO - Training file path: Artifacts/09_14_2026_15_28_44/data_ingestion/ingested/train.csv
[ 2026-09-14 15:28:48,522 ] 106 root - INFO - Export train and test file completed
[ 2026-09-14 15:28:48,523 ] 21 root - INFO - Data ingestion completed
[ 2026-09-14 15:28:48,526 ] 26 root - INFO - Data validation start
[ 2026-09-14 15:28:48,526 ] 99 root - INFO - Reading data from train and test csv
[ 2026-09-14 15:28:48,546 ] 104 root - INFO - Reading data from train and test csv completed
[ 2026-09-14 15:28:48,546 ] 109 root - INFO - Validate number of columns
[ 2026-09-14 15:28:48,546 ] 33 root - INFO - The required number of columns : 31
[ 2026-09-14 15:28:48,546 ] 34 root - INFO - Data Frame has columns : 31
[ 2026-09-14 15:28:48,546 ] 33 root - INFO - The required number of columns : 31
[ 2026-09-14 15:28:48,546 ] 34 root - INFO - Data Frame has columns : 31
[ 2026-09-14 15:28:48,546 ] 125 root - INFO - Validate number of columns end
[ 2026-09-14 15:28:48,546 ] 128 root - INFO - Validate number of numerical columns
[ 2026-09-14 15:28:48,547 ] 49 root - INFO - The required numerical columns : 31
[ 2026-09-14 15:28:48,547 ] 50 root - INFO - Dataframe numerical columns : 31
[ 2026-09-14 15:28:48,547 ] 49 root - INFO - The required numerical columns : 31
[ 2026-09-14 15:28:48,547 ] 50 root - INFO - Dataframe numerical columns : 31
[ 2026-09-14 15:28:48,547 ] 148 root - INFO - Validate number of numerical columns end
[ 2026-09-14 15:28:48,548 ] 151 root - INFO - Checking data drift
[ 2026-09-14 15:28:48,657 ] 233 root - INFO - Data validation completed
[ 2026-09-14 15:28:48,657 ] 28 root - INFO - Data validation ended
[ 2026-09-14 15:28:48,657 ] 30 root - INFO - Initiate the Data tranformation
[ 2026-09-14 15:28:48,658 ] 93 root - INFO - Entered initiate_data_transformation method of DataTransformation class
[ 2026-09-14 15:28:48,658 ] 100 root - INFO - Starting data transformation
[ 2026-09-14 15:28:48,658 ] 103 root - INFO - Reading train and test dataframe from data validation
[ 2026-09-14 15:28:48,675 ] 116 root - INFO - Train and test dataframe reading completed
[ 2026-09-14 15:28:48,676 ] 124 root - INFO - Preparing training dataframe
[ 2026-09-14 15:28:48,676 ] 138 root - INFO - Training dataframe preparation completed
[ 2026-09-14 15:28:48,676 ] 146 root - INFO - Preparing testing dataframe
[ 2026-09-14 15:28:48,677 ] 160 root - INFO - Testing dataframe preparation completed
[ 2026-09-14 15:28:48,677 ] 168 root - INFO - Creating data transformation object
[ 2026-09-14 15:28:48,677 ] 57 root - INFO - Enter get_data_transformer_object method
[ 2026-09-14 15:28:48,677 ] 68 root - INFO - Initialized KNN Imputer with parameters: {'n_neighbors': 3, 'weights': 'uniform'}
[ 2026-09-14 15:28:48,677 ] 80 root - INFO - KNN Imputer pipeline created successfully
[ 2026-09-14 15:28:48,677 ] 176 root - INFO - Fitting data transformation object
[ 2026-09-14 15:28:48,692 ] 184 root - INFO - Data transformation object fitted successfully
[ 2026-09-14 15:28:48,695 ] 202 root - INFO - Train and test features transformed successfully
[ 2026-09-14 15:28:48,696 ] 220 root - INFO - Train and test arrays created successfully
[ 2026-09-14 15:28:48,698 ] 45 root - INFO - Entered the save_object method in main_utils
[ 2026-09-14 15:28:48,701 ] 49 root - INFO - Exited the save_object from main_utils
[ 2026-09-14 15:28:48,701 ] 244 root - INFO - Transformed data and preprocessing object saved successfully
[ 2026-09-14 15:28:48,701 ] 269 root - INFO - Data transformation completed successfully
[ 2026-09-14 15:28:48,701 ] 37 root - INFO - Data tranformation end
[ 2026-09-14 15:28:48,701 ] 39 root - INFO - Model trainer start
[ 2026-09-14 15:28:48,701 ] 659 root - INFO - Initiate model trainer
[ 2026-09-14 15:28:48,701 ] 667 root - INFO - Read train and test data
[ 2026-09-14 15:28:48,703 ] 689 root - INFO - Read from train and test done
[ 2026-09-14 15:28:48,703 ] 82 root - INFO - Inside the evaluation model
[ 2026-09-14 15:28:48,703 ] 92 root - INFO - RS for Random Forest
[ 2026-09-14 15:29:07,019 ] 106 root - INFO - RS for Random Forest end
[ 2026-09-14 15:29:07,019 ] 108 root - INFO - Getting best estimator
[ 2026-09-14 15:29:07,022 ] 112 root - INFO - Best estimator obtained for Random Forest: RandomForestClassifier(max_depth=20)
[ 2026-09-14 15:29:07,022 ] 117 root - INFO - Starting train prediction
[ 2026-09-14 15:29:07,114 ] 121 root - INFO - Train prediction completed
[ 2026-09-14 15:29:07,115 ] 123 root - INFO - Starting test prediction
[ 2026-09-14 15:29:07,149 ] 127 root - INFO - Test prediction completed
[ 2026-09-14 15:29:07,149 ] 129 root - INFO - Calculating train accuracy
[ 2026-09-14 15:29:07,151 ] 136 root - INFO - Calculating test accuracy
[ 2026-09-14 15:29:07,152 ] 149 root - INFO - Random Forest - Train Accuracy: 0.9902758932609679, Test Accuracy: 0.9701492537313433
[ 2026-09-14 15:29:07,152 ] 92 root - INFO - RS for Decision Tree
[ 2026-09-14 15:29:07,591 ] 106 root - INFO - RS for Decision Tree end
[ 2026-09-14 15:29:07,591 ] 108 root - INFO - Getting best estimator
[ 2026-09-14 15:29:07,591 ] 112 root - INFO - Best estimator obtained for Decision Tree: DecisionTreeClassifier(criterion='entropy', max_features='log2',
                       min_samples_split=5)
[ 2026-09-14 15:29:07,591 ] 117 root - INFO - Starting train prediction
[ 2026-09-14 15:29:07,593 ] 121 root - INFO - Train prediction completed
[ 2026-09-14 15:29:07,593 ] 123 root - INFO - Starting test prediction
[ 2026-09-14 15:29:07,593 ] 127 root - INFO - Test prediction completed
[ 2026-09-14 15:29:07,593 ] 129 root - INFO - Calculating train accuracy
[ 2026-09-14 15:29:07,594 ] 136 root - INFO - Calculating test accuracy
[ 2026-09-14 15:29:07,594 ] 149 root - INFO - Decision Tree - Train Accuracy: 0.9807779285391226, Test Accuracy: 0.9484396200814111
[ 2026-09-14 15:29:07,594 ] 92 root - INFO - RS for Gradient Boosting
[ 2026-09-14 15:29:38,511 ] 106 root - INFO - RS for Gradient Boosting end
[ 2026-09-14 15:29:38,511 ] 108 root - INFO - Getting best estimator
[ 2026-09-14 15:29:38,512 ] 112 root - INFO - Best estimator obtained for Gradient Boosting: GradientBoostingClassifier(learning_rate=0.05, max_depth=7, n_estimators=200)
[ 2026-09-14 15:29:38,512 ] 117 root - INFO - Starting train prediction
[ 2026-09-14 15:29:38,597 ] 121 root - INFO - Train prediction completed
[ 2026-09-14 15:29:38,597 ] 123 root - INFO - Starting test prediction
[ 2026-09-14 15:29:38,622 ] 127 root - INFO - Test prediction completed
[ 2026-09-14 15:29:38,623 ] 129 root - INFO - Calculating train accuracy
[ 2026-09-14 15:29:38,624 ] 136 root - INFO - Calculating test accuracy
[ 2026-09-14 15:29:38,625 ] 149 root - INFO - Gradient Boosting - Train Accuracy: 0.985753052917232, Test Accuracy: 0.9710538218000905
[ 2026-09-14 15:29:38,625 ] 92 root - INFO - RS for Xgboost
[ 2026-09-14 15:29:43,322 ] 106 root - INFO - RS for Xgboost end
[ 2026-09-14 15:29:43,323 ] 108 root - INFO - Getting best estimator
[ 2026-09-14 15:29:43,324 ] 112 root - INFO - Best estimator obtained for Xgboost: XGBClassifier(base_score=None, booster=None, callbacks=None,
              colsample_bylevel=None, colsample_bynode=None,
              colsample_bytree=0.8, device=None, early_stopping_rounds=None,
              enable_categorical=False, eval_metric=None, feature_types=None,
              feature_weights=None, gamma=None, grow_policy=None,
              importance_type=None, interaction_constraints=None,
              learning_rate=0.1, max_bin=None, max_cat_threshold=None,
              max_cat_to_onehot=None, max_delta_step=None, max_depth=7,
              max_leaves=None, min_child_weight=None, missing=nan,
              monotone_constraints=None, multi_strategy=None, n_estimators=200,
              n_jobs=None, num_parallel_tree=None, ...)
[ 2026-09-14 15:29:43,324 ] 117 root - INFO - Starting train prediction
[ 2026-09-14 15:29:43,335 ] 121 root - INFO - Train prediction completed
[ 2026-09-14 15:29:43,335 ] 123 root - INFO - Starting test prediction
[ 2026-09-14 15:29:43,339 ] 127 root - INFO - Test prediction completed
[ 2026-09-14 15:29:43,339 ] 129 root - INFO - Calculating train accuracy
[ 2026-09-14 15:29:43,346 ] 136 root - INFO - Calculating test accuracy
[ 2026-09-14 15:29:43,346 ] 149 root - INFO - Xgboost - Train Accuracy: 0.986318407960199, Test Accuracy: 0.9692446856625961
[ 2026-09-14 15:29:43,347 ] 92 root - INFO - RS for Logistic Regression
[ 2026-09-14 15:29:45,179 ] 106 root - INFO - RS for Logistic Regression end
[ 2026-09-14 15:29:45,179 ] 108 root - INFO - Getting best estimator
[ 2026-09-14 15:29:45,179 ] 112 root - INFO - Best estimator obtained for Logistic Regression: LogisticRegression(C=0.1, max_iter=200)
[ 2026-09-14 15:29:45,180 ] 117 root - INFO - Starting train prediction
[ 2026-09-14 15:29:45,181 ] 121 root - INFO - Train prediction completed
[ 2026-09-14 15:29:45,181 ] 123 root - INFO - Starting test prediction
[ 2026-09-14 15:29:45,181 ] 127 root - INFO - Test prediction completed
[ 2026-09-14 15:29:45,181 ] 129 root - INFO - Calculating train accuracy
[ 2026-09-14 15:29:45,182 ] 136 root - INFO - Calculating test accuracy
[ 2026-09-14 15:29:45,183 ] 149 root - INFO - Logistic Regression - Train Accuracy: 0.9277476255088195, Test Accuracy: 0.932157394843962
[ 2026-09-14 15:29:45,183 ] 92 root - INFO - RS for AdaBoost
[ 2026-09-14 15:29:57,714 ] 106 root - INFO - RS for AdaBoost end
[ 2026-09-14 15:29:57,714 ] 108 root - INFO - Getting best estimator
[ 2026-09-14 15:29:57,715 ] 112 root - INFO - Best estimator obtained for AdaBoost: AdaBoostClassifier(n_estimators=200)
[ 2026-09-14 15:29:57,715 ] 117 root - INFO - Starting train prediction
[ 2026-09-14 15:29:57,867 ] 121 root - INFO - Train prediction completed
[ 2026-09-14 15:29:57,868 ] 123 root - INFO - Starting test prediction
[ 2026-09-14 15:29:57,932 ] 127 root - INFO - Test prediction completed
[ 2026-09-14 15:29:57,933 ] 129 root - INFO - Calculating train accuracy
[ 2026-09-14 15:29:57,934 ] 136 root - INFO - Calculating test accuracy
[ 2026-09-14 15:29:57,934 ] 149 root - INFO - AdaBoost - Train Accuracy: 0.9336273179556762, Test Accuracy: 0.942107643600181
[ 2026-09-14 15:29:57,934 ] 92 root - INFO - RS for KNN
[ 2026-09-14 15:30:01,152 ] 106 root - INFO - RS for KNN end
[ 2026-09-14 15:30:01,152 ] 108 root - INFO - Getting best estimator
[ 2026-09-14 15:30:01,152 ] 112 root - INFO - Best estimator obtained for KNN: KNeighborsClassifier(metric='manhattan', n_neighbors=3, weights='distance')
[ 2026-09-14 15:30:01,152 ] 117 root - INFO - Starting train prediction
[ 2026-09-14 15:30:01,760 ] 121 root - INFO - Train prediction completed
[ 2026-09-14 15:30:01,760 ] 123 root - INFO - Starting test prediction
[ 2026-09-14 15:30:01,874 ] 127 root - INFO - Test prediction completed
[ 2026-09-14 15:30:01,874 ] 129 root - INFO - Calculating train accuracy
[ 2026-09-14 15:30:01,877 ] 136 root - INFO - Calculating test accuracy
[ 2026-09-14 15:30:01,878 ] 149 root - INFO - KNN - Train Accuracy: 0.9890321121664405, Test Accuracy: 0.9647218453188603
[ 2026-09-14 15:30:01,878 ] 374 root - INFO - Out of evaluate_model
[ 2026-09-14 15:30:01,878 ] 378 root - INFO - Started model evaluation and model selection
[ 2026-09-14 15:30:01,878 ] 394 root - INFO - Test report after sorting: {'Gradient Boosting': 0.9710538218000905, 'Random Forest': 0.9701492537313433, 'Xgboost': 0.9692446856625961, 'KNN': 0.9647218453188603, 'Decision Tree': 0.9484396200814111, 'AdaBoost': 0.942107643600181, 'Logistic Regression': 0.932157394843962}
[ 2026-09-14 15:30:01,878 ] 406 root - INFO - Best model found: Gradient Boosting with score: 0.9710538218000905
[ 2026-09-14 15:30:01,879 ] 416 root - INFO - Best model object obtained: GradientBoostingClassifier(learning_rate=0.05, max_depth=7, n_estimators=200)
[ 2026-09-14 15:30:01,879 ] 420 root - INFO - Best model parameters: {'ccp_alpha': 0.0, 'criterion': 'deprecated', 'init': None, 'learning_rate': 0.05, 'loss': 'log_loss', 'max_depth': 7, 'max_features': None, 'max_leaf_nodes': None, 'min_impurity_decrease': 0.0, 'min_samples_leaf': 1, 'min_samples_split': 2, 'min_weight_fraction_leaf': 0.0, 'n_estimators': 200, 'n_iter_no_change': None, 'random_state': None, 'subsample': 1.0, 'tol': 0.0001, 'validation_fraction': 0.1, 'verbose': 0, 'warm_start': False}
[ 2026-09-14 15:30:01,879 ] 429 root - INFO - Generating predictions on training dataset
[ 2026-09-14 15:30:01,879 ] 433 root - INFO - X_train type: <class 'numpy.ndarray'>
[ 2026-09-14 15:30:01,879 ] 437 root - INFO - X_train shape: (8844, 30)
[ 2026-09-14 15:30:01,879 ] 441 root - INFO - X_train memory: 2.02 MB
[ 2026-09-14 15:30:01,879 ] 446 root - INFO - Starting training prediction
[ 2026-09-14 15:30:01,984 ] 454 root - INFO - Training predictions completed. Prediction shape: (8844,)
[ 2026-09-14 15:30:01,984 ] 9 root - INFO - Inside the get_classification_score
[ 2026-09-14 15:30:01,995 ] 470 root - INFO - get_classification_score completed for training data
[ 2026-09-14 15:30:01,995 ] 474 root - INFO - Training metric: ClassificationMetricArtifact(f1_score=0.9872081218274111, precision_score=0.9850081037277147, recall_score=0.9894179894179894)
[ 2026-09-14 15:30:01,995 ] 483 root - INFO - Generating predictions on test dataset
[ 2026-09-14 15:30:02,024 ] 491 root - INFO - Test predictions completed
[ 2026-09-14 15:30:02,024 ] 9 root - INFO - Inside the get_classification_score
[ 2026-09-14 15:30:02,030 ] 506 root - INFO - get_classification_score completed for test data
[ 2026-09-14 15:30:02,030 ] 510 root - INFO - Test metric: ClassificationMetricArtifact(f1_score=0.9743795036028823, precision_score=0.9697211155378486, recall_score=0.9790828640386162)
[ 2026-09-14 15:30:02,030 ] 519 root - INFO - Starting MLflow experiment tracking
[ 2026-09-14 15:30:02,031 ] 71 root - INFO - Setting MLflow tracking URI
[ 2026-09-14 15:30:02,074 ] 77 root - INFO - Setting MLflow experiment
